// Jest Snapshot v1, https://goo.gl/fbAQLP

exports[`Tests <Header /> Check UI not change 1`] = `
<header>
  <nav
    className="navbar navbar-expand-lg navbar-light bg-light"
  >
    <a
      className="navbar-brand"
      href="#"
    >
      Navbar
    </a>
    <button
      aria-controls="nav-project"
      aria-expanded="false"
      aria-label="Toggle navigation"
      className="navbar-toggler"
      data-target="#nav-project"
      data-toggle="collapse"
      type="button"
    >
      <span
        className="navbar-toggler-icon"
      />
    </button>
    <div
      className="collapse navbar-collapse"
      id="nav-project"
    >
      <ul
        className="navbar-nav mr-auto"
      >
        <li
          className="nav-item active"
        >
          <a
            className="nav-link"
            href="#"
          >
            Home
          </a>
        </li>
        <li
          className="nav-item"
        >
          <a
            className="nav-link"
            href="#"
          >
            Link
          </a>
        </li>
      </ul>
    </div>
  </nav>
</header>
`;
